2020-05-08 08:53:17,096 - INFO - Train Acc: 0%
tensor(0, device='cuda:0') 2
tensor([84, 84], device='cuda:0') tensor([ 95, 141], device='cuda:0')
tensor(5.2944, device='cuda:0')
2020-05-08 08:53:52,768 - INFO - Train Acc: 0%
tensor(0, device='cuda:0') 1
tensor([84], device='cuda:0') tensor([95], device='cuda:0')
tensor(5.2882, device='cuda:0')
2020-05-08 09:07:44,082 - INFO - Train Acc: 0%
tensor(0, device='cuda:0') 1
tensor([84], device='cuda:0') tensor([95], device='cuda:0')
tensor(5.2882, device='cuda:0')
2020-05-08 09:11:42,849 - INFO - Train Acc: 0%
tensor(1, device='cuda:0') 500
tensor([165], device='cuda:0') tensor([175], device='cuda:0')
tensor(9.7608, device='cuda:0')
2020-05-08 09:14:05,132 - INFO - Train Acc: 0%
tensor(0, device='cuda:0') 1
tensor([84], device='cuda:0') tensor([0], device='cuda:0')
tensor(5.2687, device='cuda:0')
2020-05-08 09:14:19,313 - INFO - Train Acc: 100%
tensor(1, device='cuda:0') 1
tensor([0], device='cuda:0') tensor([0], device='cuda:0')
tensor(0., device='cuda:0')
2020-05-08 17:19:13,169 - INFO - Train Acc: 0%
tensor(0, device='cuda:0') 1
tensor([84], device='cuda:0') tensor([0], device='cuda:0')
tensor(5.2687, device='cuda:0')
2020-05-08 17:19:27,734 - INFO - Train Acc: 100%
tensor(1, device='cuda:0') 1
tensor([0], device='cuda:0') tensor([0], device='cuda:0')
tensor(0., device='cuda:0')
2020-05-08 17:19:43,110 - INFO - Train Acc: 100%
tensor(1, device='cuda:0') 1
tensor([0], device='cuda:0') tensor([0], device='cuda:0')
tensor(0., device='cuda:0')
2020-05-08 17:19:57,466 - INFO - Train Acc: 100%
tensor(1, device='cuda:0') 1
tensor([0], device='cuda:0') tensor([0], device='cuda:0')
tensor(0., device='cuda:0')
2020-05-08 17:20:11,855 - INFO - Train Acc: 100%
tensor(1, device='cuda:0') 1
tensor([0], device='cuda:0') tensor([0], device='cuda:0')
tensor(0., device='cuda:0')
2020-05-08 17:22:18,814 - INFO - Train Acc: 0%
tensor(0, device='cuda:0') 1
tensor([84], device='cuda:0') tensor([0], device='cuda:0')
tensor(5.2687, device='cuda:0')
2020-05-08 17:22:33,103 - INFO - Train Acc: 100%
tensor(1, device='cuda:0') 1
tensor([0], device='cuda:0') tensor([0], device='cuda:0')
tensor(nan, device='cuda:0')
2020-05-08 17:22:47,349 - INFO - Train Acc: 100%
tensor(1, device='cuda:0') 1
tensor([0], device='cuda:0') tensor([0], device='cuda:0')
tensor(nan, device='cuda:0')
2020-05-08 17:25:26,603 - INFO - Train Acc: 0%
tensor(0, device='cuda:0') 1
tensor([84], device='cuda:0') tensor([0], device='cuda:0')
tensor(5.2687, device='cuda:0')
2020-05-08 17:27:18,292 - INFO - Train Acc: 0%
tensor(0, device='cuda:0') 1
tensor([84], device='cuda:0') tensor([0], device='cuda:0')
tensor(5.2687, device='cuda:0')
2020-05-08 17:27:31,960 - INFO - Train Acc: 100%
tensor(1, device='cuda:0') 1
tensor([0], device='cuda:0') tensor([0], device='cuda:0')
tensor(0.0579, device='cuda:0')
2020-05-08 17:27:46,185 - INFO - Train Acc: 100%
tensor(1, device='cuda:0') 1
tensor([0], device='cuda:0') tensor([0], device='cuda:0')
tensor(0.0257, device='cuda:0')
2020-05-08 17:28:00,535 - INFO - Train Acc: 100%
tensor(1, device='cuda:0') 1
tensor([0], device='cuda:0') tensor([0], device='cuda:0')
tensor(0.0163, device='cuda:0')
2020-05-08 17:28:15,271 - INFO - Train Acc: 100%
tensor(1, device='cuda:0') 1
tensor([0], device='cuda:0') tensor([0], device='cuda:0')
tensor(0.0121, device='cuda:0')
2020-05-08 17:28:29,012 - INFO - Train Acc: 100%
tensor(1, device='cuda:0') 1
tensor([0], device='cuda:0') tensor([0], device='cuda:0')
tensor(0.0098, device='cuda:0')
2020-05-08 17:28:42,789 - INFO - Train Acc: 100%
tensor(1, device='cuda:0') 1
tensor([0], device='cuda:0') tensor([0], device='cuda:0')
tensor(0.0105, device='cuda:0')
2020-05-08 17:28:56,679 - INFO - Train Acc: 100%
tensor(1, device='cuda:0') 1
tensor([0], device='cuda:0') tensor([0], device='cuda:0')
tensor(0.0101, device='cuda:0')
2020-05-08 17:29:10,477 - INFO - Train Acc: 100%
tensor(1, device='cuda:0') 1
tensor([0], device='cuda:0') tensor([0], device='cuda:0')
tensor(0.0091, device='cuda:0')
2020-05-09 02:18:54,198 - INFO - Train Acc: 0%
tensor(0, device='cuda:0') 1
tensor([59], device='cuda:0') tensor([0], device='cuda:0')
tensor(5.2840, device='cuda:0')
2020-05-09 02:19:10,338 - INFO - Train Acc: 100%
tensor(1, device='cuda:0') 1
tensor([0], device='cuda:0') tensor([0], device='cuda:0')
tensor(0.0575, device='cuda:0')
2020-05-09 02:19:25,811 - INFO - Train Acc: 100%
tensor(1, device='cuda:0') 1
tensor([0], device='cuda:0') tensor([0], device='cuda:0')
tensor(0.0255, device='cuda:0')
2020-05-09 02:19:40,212 - INFO - Train Acc: 100%
tensor(1, device='cuda:0') 1
tensor([0], device='cuda:0') tensor([0], device='cuda:0')
tensor(0.0167, device='cuda:0')
2020-05-09 02:19:54,921 - INFO - Train Acc: 100%
tensor(1, device='cuda:0') 1
tensor([0], device='cuda:0') tensor([0], device='cuda:0')
tensor(0.0120, device='cuda:0')
2020-05-09 02:20:09,692 - INFO - Train Acc: 100%
tensor(1, device='cuda:0') 1
tensor([0], device='cuda:0') tensor([0], device='cuda:0')
tensor(0.0095, device='cuda:0')
2020-05-09 17:01:24,058 - INFO - Train Acc: 0%
tensor(0, device='cuda:0') 1
tensor([59], device='cuda:0') tensor([95], device='cuda:0')
tensor(5.3067, device='cuda:0')
2020-05-09 18:01:11,619 - INFO - Train Acc: 0%
tensor(0, device='cuda:0') 1
tensor([199], device='cuda:0') tensor([0], device='cuda:0')
tensor(5.2827, device='cuda:0')
2020-05-09 19:02:34,434 - INFO - Train Acc: 0%
tensor(0, device='cuda:0') 1
tensor([199], device='cuda:0') tensor([0], device='cuda:0')
tensor(5.2827, device='cuda:0')
2020-05-09 19:04:22,802 - INFO - Train Acc: 0%
tensor(0, device='cuda:0') 1
tensor([199], device='cuda:0') tensor([0], device='cuda:0')
tensor(5.2827, device='cuda:0')
